// Jest Snapshot v1, https://goo.gl/fbAQLP

exports[`renders without crashing 1`] = `
<Fragment>
  <h1>
    Pizza
  </h1>
  <NavLink
    to="/toppings"
  >
    Toppings
  </NavLink>
  <NavLink
    to="/cloud"
  >
    Cloud
  </NavLink>
</Fragment>
`;
